// Jest Snapshot v1, https://goo.gl/fbAQLP

exports[`Pruebas en primera App debe mostrar <PrimeraApp/> correctamente 1`] = `
<Fragment>
  <h1>
    Hola, Soy Goku!!
  </h1>
  <p>
    Primera App con React
  </p>
</Fragment>
`;
